Archive member included to satisfy reference by file (symbol)

/home/bavanmendon/intelFPGA_lite/18.1/nios2eds/bin/gnu/H-x86_64-pc-linux-gnu/bin/../lib/gcc/nios2-elf/5.3.0/mno-hw-mul/libgcc.a(lib2-mul.o)
                              obj/default/hello_world_small.o (__mulsi3)
../audioEqualizer_bsp//libhal_bsp.a(alt_load.o)
                              ../audioEqualizer_bsp//obj/HAL/src/crt0.o (alt_load)
../audioEqualizer_bsp//libhal_bsp.a(alt_main.o)
                              ../audioEqualizer_bsp//obj/HAL/src/crt0.o (alt_main)
../audioEqualizer_bsp//libhal_bsp.a(alt_sys_init.o)
                              ../audioEqualizer_bsp//libhal_bsp.a(alt_main.o) (alt_irq_init)
../audioEqualizer_bsp//libhal_bsp.a(alt_dcache_flush_all.o)
                              ../audioEqualizer_bsp//libhal_bsp.a(alt_load.o) (alt_dcache_flush_all)
../audioEqualizer_bsp//libhal_bsp.a(alt_icache_flush_all.o)
                              ../audioEqualizer_bsp//libhal_bsp.a(alt_load.o) (alt_icache_flush_all)
../audioEqualizer_bsp//libhal_bsp.a(altera_nios2_gen2_irq.o)
                              ../audioEqualizer_bsp//libhal_bsp.a(alt_sys_init.o) (altera_nios2_gen2_irq_init)

Memory Configuration

Name             Origin             Length             Attributes
reset            0x0000000000010000 0x0000000000000020
SRAM             0x0000000000010020 0x0000000000009fe0
*default*        0x0000000000000000 0xffffffffffffffff

Linker script and memory map

LOAD ../audioEqualizer_bsp//obj/HAL/src/crt0.o
LOAD obj/default/hello_world_small.o
LOAD /home/bavanmendon/intelFPGA_lite/18.1/nios2eds/bin/gnu/H-x86_64-pc-linux-gnu/bin/../lib/gcc/nios2-elf/5.3.0/../../../../../H-x86_64-pc-linux-gnu/nios2-elf/lib/mno-hw-mul/libstdc++.a
LOAD /home/bavanmendon/intelFPGA_lite/18.1/nios2eds/bin/gnu/H-x86_64-pc-linux-gnu/bin/../lib/gcc/nios2-elf/5.3.0/../../../../../H-x86_64-pc-linux-gnu/nios2-elf/lib/mno-hw-mul/libm.a
LOAD /home/bavanmendon/intelFPGA_lite/18.1/nios2eds/bin/gnu/H-x86_64-pc-linux-gnu/bin/../lib/gcc/nios2-elf/5.3.0/mno-hw-mul/libgcc.a
START GROUP
LOAD /home/bavanmendon/intelFPGA_lite/18.1/nios2eds/bin/gnu/H-x86_64-pc-linux-gnu/bin/../lib/gcc/nios2-elf/5.3.0/../../../../../H-x86_64-pc-linux-gnu/nios2-elf/lib/mno-hw-mul/libsmallc.a
LOAD /home/bavanmendon/intelFPGA_lite/18.1/nios2eds/bin/gnu/H-x86_64-pc-linux-gnu/bin/../lib/gcc/nios2-elf/5.3.0/mno-hw-mul/libgcc.a
LOAD ../audioEqualizer_bsp//libhal_bsp.a
LOAD /home/bavanmendon/intelFPGA_lite/18.1/nios2eds/bin/gnu/H-x86_64-pc-linux-gnu/bin/../lib/gcc/nios2-elf/5.3.0/../../../../../H-x86_64-pc-linux-gnu/nios2-elf/lib/mno-hw-mul/libm.a
END GROUP
LOAD /home/bavanmendon/intelFPGA_lite/18.1/nios2eds/bin/gnu/H-x86_64-pc-linux-gnu/bin/../lib/gcc/nios2-elf/5.3.0/mno-hw-mul/libgcc.a
                0x0000000000010000                __alt_mem_SRAM = 0x10000

.entry          0x0000000000010000       0x20
 *(.entry)
 .entry         0x0000000000010000       0x20 ../audioEqualizer_bsp//obj/HAL/src/crt0.o
                0x0000000000010000                __reset
                0x000000000001000c                _exit

.exceptions     0x0000000000010020        0x0
                0x0000000000010020                PROVIDE (__ram_exceptions_start, ABSOLUTE (.))
                0x0000000000010020                . = ALIGN (0x20)
 *(.irq)
 *(.exceptions.entry.label)
 *(.exceptions.entry.user)
 *(.exceptions.entry.ecc_fatal)
 *(.exceptions.entry)
 *(.exceptions.irqtest.user)
 *(.exceptions.irqtest)
 *(.exceptions.irqhandler.user)
 *(.exceptions.irqhandler)
 *(.exceptions.irqreturn.user)
 *(.exceptions.irqreturn)
 *(.exceptions.notirq.label)
 *(.exceptions.notirq.user)
 *(.exceptions.notirq)
 *(.exceptions.soft.user)
 *(.exceptions.soft)
 *(.exceptions.unknown.user)
 *(.exceptions.unknown)
 *(.exceptions.exit.label)
 *(.exceptions.exit.user)
 *(.exceptions.exit)
 *(.exceptions)
                0x0000000000010020                PROVIDE (__ram_exceptions_end, ABSOLUTE (.))
                0x0000000000010020                PROVIDE (__flash_exceptions_start, LOADADDR (.exceptions))

.text           0x0000000000010020      0x2d4
                [!provide]                        PROVIDE (stext, ABSOLUTE (.))
 *(.interp)
 *(.hash)
 *(.dynsym)
 *(.dynstr)
 *(.gnu.version)
 *(.gnu.version_d)
 *(.gnu.version_r)
 *(.rel.init)
 *(.rela.init)
 *(.rel.text .rel.text.* .rel.gnu.linkonce.t.*)
 *(.rela.text .rela.text.* .rela.gnu.linkonce.t.*)
 *(.rel.fini)
 *(.rela.fini)
 *(.rel.rodata .rel.rodata.* .rel.gnu.linkonce.r.*)
 *(.rela.rodata .rela.rodata.* .rela.gnu.linkonce.r.*)
 *(.rel.data .rel.data.* .rel.gnu.linkonce.d.*)
 *(.rela.data .rela.data.* .rela.gnu.linkonce.d.*)
 *(.rel.tdata .rel.tdata.* .rel.gnu.linkonce.td.*)
 *(.rela.tdata .rela.tdata.* .rela.gnu.linkonce.td.*)
 *(.rel.tbss .rel.tbss.* .rel.gnu.linkonce.tb.*)
 *(.rela.tbss .rela.tbss.* .rela.gnu.linkonce.tb.*)
 *(.rel.ctors)
 *(.rela.ctors)
 *(.rel.dtors)
 *(.rela.dtors)
 *(.rel.got)
 *(.rela.got)
 *(.rel.sdata .rel.sdata.* .rel.gnu.linkonce.s.*)
 *(.rela.sdata .rela.sdata.* .rela.gnu.linkonce.s.*)
 *(.rel.sbss .rel.sbss.* .rel.gnu.linkonce.sb.*)
 *(.rela.sbss .rela.sbss.* .rela.gnu.linkonce.sb.*)
 *(.rel.sdata2 .rel.sdata2.* .rel.gnu.linkonce.s2.*)
 *(.rela.sdata2 .rela.sdata2.* .rela.gnu.linkonce.s2.*)
 *(.rel.sbss2 .rel.sbss2.* .rel.gnu.linkonce.sb2.*)
 *(.rela.sbss2 .rela.sbss2.* .rela.gnu.linkonce.sb2.*)
 *(.rel.bss .rel.bss.* .rel.gnu.linkonce.b.*)
 *(.rela.bss .rela.bss.* .rela.gnu.linkonce.b.*)
 *(.rel.plt)
 *(.rela.plt)
 *(.rel.dyn)
 *(.init)
 *(.plt)
 *(.text .stub .text.* .gnu.linkonce.t.*)
 .text          0x0000000000010020       0x3c ../audioEqualizer_bsp//obj/HAL/src/crt0.o
                0x0000000000010020                _start
 .text          0x000000000001005c        0x0 obj/default/hello_world_small.o
 .text.startup  0x000000000001005c       0xfc obj/default/hello_world_small.o
                0x000000000001005c                main
 .text          0x0000000000010158       0x28 /home/bavanmendon/intelFPGA_lite/18.1/nios2eds/bin/gnu/H-x86_64-pc-linux-gnu/bin/../lib/gcc/nios2-elf/5.3.0/mno-hw-mul/libgcc.a(lib2-mul.o)
                0x0000000000010158                __mulsi3
 .text          0x0000000000010180      0x114 ../audioEqualizer_bsp//libhal_bsp.a(alt_load.o)
                0x0000000000010180                alt_load
 .text          0x0000000000010294       0x2c ../audioEqualizer_bsp//libhal_bsp.a(alt_main.o)
                0x0000000000010294                alt_main
 .text          0x00000000000102c0       0x24 ../audioEqualizer_bsp//libhal_bsp.a(alt_sys_init.o)
                0x00000000000102c0                alt_irq_init
                0x00000000000102e0                alt_sys_init
 .text          0x00000000000102e4        0x4 ../audioEqualizer_bsp//libhal_bsp.a(alt_dcache_flush_all.o)
                0x00000000000102e4                alt_dcache_flush_all
 .text          0x00000000000102e8        0x4 ../audioEqualizer_bsp//libhal_bsp.a(alt_icache_flush_all.o)
                0x00000000000102e8                alt_icache_flush_all
 .text          0x00000000000102ec        0x8 ../audioEqualizer_bsp//libhal_bsp.a(altera_nios2_gen2_irq.o)
                0x00000000000102ec                altera_nios2_gen2_irq_init
 *(.gnu.warning.*)
 *(.fini)
                [!provide]                        PROVIDE (__etext, ABSOLUTE (.))
                [!provide]                        PROVIDE (_etext, ABSOLUTE (.))
                [!provide]                        PROVIDE (etext, ABSOLUTE (.))
 *(.eh_frame_hdr)
                0x00000000000102f4                . = ALIGN (0x4)
                [!provide]                        PROVIDE (__preinit_array_start, ABSOLUTE (.))
 *(.preinit_array)
                [!provide]                        PROVIDE (__preinit_array_end, ABSOLUTE (.))
                [!provide]                        PROVIDE (__init_array_start, ABSOLUTE (.))
 *(.init_array)
                [!provide]                        PROVIDE (__init_array_end, ABSOLUTE (.))
                [!provide]                        PROVIDE (__fini_array_start, ABSOLUTE (.))
 *(.fini_array)
                [!provide]                        PROVIDE (__fini_array_end, ABSOLUTE (.))
 *(.eh_frame)
 *(.gcc_except_table .gcc_except_table.*)
 *(.dynamic)
                [!provide]                        PROVIDE (__CTOR_LIST__, ABSOLUTE (.))
 *(.ctors)
 *(SORT(.ctors.*))
                [!provide]                        PROVIDE (__CTOR_END__, ABSOLUTE (.))
                [!provide]                        PROVIDE (__DTOR_LIST__, ABSOLUTE (.))
 *(.dtors)
 *(SORT(.dtors.*))
                [!provide]                        PROVIDE (__DTOR_END__, ABSOLUTE (.))
 *(.jcr)
                0x00000000000102f4                . = ALIGN (0x4)

.rodata         0x00000000000102f4        0x0
                0x00000000000102f4                PROVIDE (__ram_rodata_start, ABSOLUTE (.))
                0x00000000000102f4                . = ALIGN (0x4)
 *(.rodata .rodata.* .gnu.linkonce.r.*)
 *(.rodata1)
                0x00000000000102f4                . = ALIGN (0x4)
                0x00000000000102f4                PROVIDE (__ram_rodata_end, ABSOLUTE (.))
                0x00000000000102f4                PROVIDE (__flash_rodata_start, LOADADDR (.rodata))

.rwdata         0x00000000000102f4        0x4 load address 0x00000000000102f8
                0x00000000000102f4                PROVIDE (__ram_rwdata_start, ABSOLUTE (.))
                0x00000000000102f4                . = ALIGN (0x4)
 *(.got.plt)
 *(.got)
 *(.data1)
 *(.data .data.* .gnu.linkonce.d.*)
 .data          0x00000000000102f4        0x0 ../audioEqualizer_bsp//obj/HAL/src/crt0.o
 .data          0x00000000000102f4        0x0 obj/default/hello_world_small.o
 .data          0x00000000000102f4        0x0 /home/bavanmendon/intelFPGA_lite/18.1/nios2eds/bin/gnu/H-x86_64-pc-linux-gnu/bin/../lib/gcc/nios2-elf/5.3.0/mno-hw-mul/libgcc.a(lib2-mul.o)
 .data          0x00000000000102f4        0x0 ../audioEqualizer_bsp//libhal_bsp.a(alt_load.o)
 .data          0x00000000000102f4        0x0 ../audioEqualizer_bsp//libhal_bsp.a(alt_main.o)
 .data          0x00000000000102f4        0x0 ../audioEqualizer_bsp//libhal_bsp.a(alt_sys_init.o)
 .data          0x00000000000102f4        0x0 ../audioEqualizer_bsp//libhal_bsp.a(alt_dcache_flush_all.o)
 .data          0x00000000000102f4        0x0 ../audioEqualizer_bsp//libhal_bsp.a(alt_icache_flush_all.o)
 .data          0x00000000000102f4        0x0 ../audioEqualizer_bsp//libhal_bsp.a(altera_nios2_gen2_irq.o)
                0x00000000000182f4                _gp = ABSOLUTE ((. + 0x8000))
                [!provide]                        PROVIDE (gp, _gp)
 *(.rwdata .rwdata.*)
 *(.sdata .sdata.* .gnu.linkonce.s.*)
 .sdata         0x00000000000102f4        0x4 ../audioEqualizer_bsp//libhal_bsp.a(alt_sys_init.o)
                0x00000000000102f4                JTAG
 *(.sdata2 .sdata2.* .gnu.linkonce.s2.*)
                0x00000000000102f8                . = ALIGN (0x4)
                0x00000000000102f8                _edata = ABSOLUTE (.)
                [!provide]                        PROVIDE (edata, ABSOLUTE (.))
                0x00000000000102f8                PROVIDE (__ram_rwdata_end, ABSOLUTE (.))
                0x00000000000102f8                PROVIDE (__flash_rwdata_start, LOADADDR (.rwdata))

.bss            0x00000000000102fc        0xc
                0x00000000000102fc                __bss_start = ABSOLUTE (.)
                [!provide]                        PROVIDE (__sbss_start, ABSOLUTE (.))
                [!provide]                        PROVIDE (___sbss_start, ABSOLUTE (.))
 *(.dynsbss)
 *(.sbss .sbss.* .gnu.linkonce.sb.*)
 .sbss          0x00000000000102fc        0xc ../audioEqualizer_bsp//libhal_bsp.a(alt_main.o)
                0x00000000000102fc                alt_envp
                0x0000000000010300                alt_argv
                0x0000000000010304                alt_argc
 *(.sbss2 .sbss2.* .gnu.linkonce.sb2.*)
 *(.scommon)
                [!provide]                        PROVIDE (__sbss_end, ABSOLUTE (.))
                [!provide]                        PROVIDE (___sbss_end, ABSOLUTE (.))
 *(.dynbss)
 *(.bss .bss.* .gnu.linkonce.b.*)
 .bss           0x0000000000010308        0x0 ../audioEqualizer_bsp//obj/HAL/src/crt0.o
 .bss           0x0000000000010308        0x0 obj/default/hello_world_small.o
 .bss           0x0000000000010308        0x0 /home/bavanmendon/intelFPGA_lite/18.1/nios2eds/bin/gnu/H-x86_64-pc-linux-gnu/bin/../lib/gcc/nios2-elf/5.3.0/mno-hw-mul/libgcc.a(lib2-mul.o)
 .bss           0x0000000000010308        0x0 ../audioEqualizer_bsp//libhal_bsp.a(alt_load.o)
 .bss           0x0000000000010308        0x0 ../audioEqualizer_bsp//libhal_bsp.a(alt_main.o)
 .bss           0x0000000000010308        0x0 ../audioEqualizer_bsp//libhal_bsp.a(alt_sys_init.o)
 .bss           0x0000000000010308        0x0 ../audioEqualizer_bsp//libhal_bsp.a(alt_dcache_flush_all.o)
 .bss           0x0000000000010308        0x0 ../audioEqualizer_bsp//libhal_bsp.a(alt_icache_flush_all.o)
 .bss           0x0000000000010308        0x0 ../audioEqualizer_bsp//libhal_bsp.a(altera_nios2_gen2_irq.o)
 *(COMMON)
                0x0000000000010308                . = ALIGN (0x4)
                0x0000000000010308                __bss_end = ABSOLUTE (.)

.SRAM           0x0000000000010308        0x0
                [!provide]                        PROVIDE (_alt_partition_SRAM_start, ABSOLUTE (.))
 *(.SRAM .SRAM. SRAM.*)
                0x0000000000010308                . = ALIGN (0x4)
                [!provide]                        PROVIDE (_alt_partition_SRAM_end, ABSOLUTE (.))
                0x0000000000010308                _end = ABSOLUTE (.)
                0x0000000000010308                end = ABSOLUTE (.)
                0x0000000000010308                __alt_stack_base = ABSOLUTE (.)
                [!provide]                        PROVIDE (_alt_partition_SRAM_load_addr, LOADADDR (.SRAM))

.stab
 *(.stab)

.stabstr
 *(.stabstr)

.stab.excl
 *(.stab.excl)

.stab.exclstr
 *(.stab.exclstr)

.stab.index
 *(.stab.index)

.stab.indexstr
 *(.stab.indexstr)

.comment        0x0000000000000000       0x23
 *(.comment)
 .comment       0x0000000000000000       0x23 obj/default/hello_world_small.o
                                         0x24 (size before relaxing)
 .comment       0x0000000000000023       0x24 /home/bavanmendon/intelFPGA_lite/18.1/nios2eds/bin/gnu/H-x86_64-pc-linux-gnu/bin/../lib/gcc/nios2-elf/5.3.0/mno-hw-mul/libgcc.a(lib2-mul.o)
 .comment       0x0000000000000023       0x24 ../audioEqualizer_bsp//libhal_bsp.a(alt_load.o)
 .comment       0x0000000000000023       0x24 ../audioEqualizer_bsp//libhal_bsp.a(alt_main.o)
 .comment       0x0000000000000023       0x24 ../audioEqualizer_bsp//libhal_bsp.a(alt_sys_init.o)
 .comment       0x0000000000000023       0x24 ../audioEqualizer_bsp//libhal_bsp.a(alt_dcache_flush_all.o)
 .comment       0x0000000000000023       0x24 ../audioEqualizer_bsp//libhal_bsp.a(alt_icache_flush_all.o)
 .comment       0x0000000000000023       0x24 ../audioEqualizer_bsp//libhal_bsp.a(altera_nios2_gen2_irq.o)

.debug
 *(.debug)

.line
 *(.line)

.debug_srcinfo
 *(.debug_srcinfo)

.debug_sfnames
 *(.debug_sfnames)

.debug_aranges  0x0000000000000000      0x128
 *(.debug_aranges)
 .debug_aranges
                0x0000000000000000       0x28 ../audioEqualizer_bsp//obj/HAL/src/crt0.o
 .debug_aranges
                0x0000000000000028       0x20 obj/default/hello_world_small.o
 .debug_aranges
                0x0000000000000048       0x20 /home/bavanmendon/intelFPGA_lite/18.1/nios2eds/bin/gnu/H-x86_64-pc-linux-gnu/bin/../lib/gcc/nios2-elf/5.3.0/mno-hw-mul/libgcc.a(lib2-mul.o)
 .debug_aranges
                0x0000000000000068       0x20 ../audioEqualizer_bsp//libhal_bsp.a(alt_load.o)
 .debug_aranges
                0x0000000000000088       0x20 ../audioEqualizer_bsp//libhal_bsp.a(alt_main.o)
 .debug_aranges
                0x00000000000000a8       0x20 ../audioEqualizer_bsp//libhal_bsp.a(alt_sys_init.o)
 .debug_aranges
                0x00000000000000c8       0x20 ../audioEqualizer_bsp//libhal_bsp.a(alt_dcache_flush_all.o)
 .debug_aranges
                0x00000000000000e8       0x20 ../audioEqualizer_bsp//libhal_bsp.a(alt_icache_flush_all.o)
 .debug_aranges
                0x0000000000000108       0x20 ../audioEqualizer_bsp//libhal_bsp.a(altera_nios2_gen2_irq.o)

.debug_pubnames
 *(.debug_pubnames)

.debug_info     0x0000000000000000      0x908
 *(.debug_info .gnu.linkonce.wi.*)
 .debug_info    0x0000000000000000       0x80 ../audioEqualizer_bsp//obj/HAL/src/crt0.o
 .debug_info    0x0000000000000080      0x167 obj/default/hello_world_small.o
 .debug_info    0x00000000000001e7       0xb4 /home/bavanmendon/intelFPGA_lite/18.1/nios2eds/bin/gnu/H-x86_64-pc-linux-gnu/bin/../lib/gcc/nios2-elf/5.3.0/mno-hw-mul/libgcc.a(lib2-mul.o)
 .debug_info    0x000000000000029b      0x1c9 ../audioEqualizer_bsp//libhal_bsp.a(alt_load.o)
 .debug_info    0x0000000000000464      0x169 ../audioEqualizer_bsp//libhal_bsp.a(alt_main.o)
 .debug_info    0x00000000000005cd      0x185 ../audioEqualizer_bsp//libhal_bsp.a(alt_sys_init.o)
 .debug_info    0x0000000000000752       0x92 ../audioEqualizer_bsp//libhal_bsp.a(alt_dcache_flush_all.o)
 .debug_info    0x00000000000007e4       0x92 ../audioEqualizer_bsp//libhal_bsp.a(alt_icache_flush_all.o)
 .debug_info    0x0000000000000876       0x92 ../audioEqualizer_bsp//libhal_bsp.a(altera_nios2_gen2_irq.o)

.debug_abbrev   0x0000000000000000      0x4ab
 *(.debug_abbrev)
 .debug_abbrev  0x0000000000000000       0x12 ../audioEqualizer_bsp//obj/HAL/src/crt0.o
 .debug_abbrev  0x0000000000000012       0x86 obj/default/hello_world_small.o
 .debug_abbrev  0x0000000000000098       0x6f /home/bavanmendon/intelFPGA_lite/18.1/nios2eds/bin/gnu/H-x86_64-pc-linux-gnu/bin/../lib/gcc/nios2-elf/5.3.0/mno-hw-mul/libgcc.a(lib2-mul.o)
 .debug_abbrev  0x0000000000000107       0xe9 ../audioEqualizer_bsp//libhal_bsp.a(alt_load.o)
 .debug_abbrev  0x00000000000001f0       0xee ../audioEqualizer_bsp//libhal_bsp.a(alt_main.o)
 .debug_abbrev  0x00000000000002de      0x107 ../audioEqualizer_bsp//libhal_bsp.a(alt_sys_init.o)
 .debug_abbrev  0x00000000000003e5       0x42 ../audioEqualizer_bsp//libhal_bsp.a(alt_dcache_flush_all.o)
 .debug_abbrev  0x0000000000000427       0x42 ../audioEqualizer_bsp//libhal_bsp.a(alt_icache_flush_all.o)
 .debug_abbrev  0x0000000000000469       0x42 ../audioEqualizer_bsp//libhal_bsp.a(altera_nios2_gen2_irq.o)

.debug_line     0x0000000000000000      0x5c0
 *(.debug_line)
 .debug_line    0x0000000000000000       0x66 ../audioEqualizer_bsp//obj/HAL/src/crt0.o
 .debug_line    0x0000000000000066      0x183 obj/default/hello_world_small.o
 .debug_line    0x00000000000001e9       0x80 /home/bavanmendon/intelFPGA_lite/18.1/nios2eds/bin/gnu/H-x86_64-pc-linux-gnu/bin/../lib/gcc/nios2-elf/5.3.0/mno-hw-mul/libgcc.a(lib2-mul.o)
 .debug_line    0x0000000000000269       0xad ../audioEqualizer_bsp//libhal_bsp.a(alt_load.o)
 .debug_line    0x0000000000000316       0xbd ../audioEqualizer_bsp//libhal_bsp.a(alt_main.o)
 .debug_line    0x00000000000003d3      0x101 ../audioEqualizer_bsp//libhal_bsp.a(alt_sys_init.o)
 .debug_line    0x00000000000004d4       0x4e ../audioEqualizer_bsp//libhal_bsp.a(alt_dcache_flush_all.o)
 .debug_line    0x0000000000000522       0x4e ../audioEqualizer_bsp//libhal_bsp.a(alt_icache_flush_all.o)
 .debug_line    0x0000000000000570       0x50 ../audioEqualizer_bsp//libhal_bsp.a(altera_nios2_gen2_irq.o)

.debug_frame    0x0000000000000000      0x150
 *(.debug_frame)
 .debug_frame   0x0000000000000000       0x3c obj/default/hello_world_small.o
 .debug_frame   0x000000000000003c       0x20 /home/bavanmendon/intelFPGA_lite/18.1/nios2eds/bin/gnu/H-x86_64-pc-linux-gnu/bin/../lib/gcc/nios2-elf/5.3.0/mno-hw-mul/libgcc.a(lib2-mul.o)
 .debug_frame   0x000000000000005c       0x2c ../audioEqualizer_bsp//libhal_bsp.a(alt_load.o)
 .debug_frame   0x0000000000000088       0x2c ../audioEqualizer_bsp//libhal_bsp.a(alt_main.o)
 .debug_frame   0x00000000000000b4       0x3c ../audioEqualizer_bsp//libhal_bsp.a(alt_sys_init.o)
 .debug_frame   0x00000000000000f0       0x20 ../audioEqualizer_bsp//libhal_bsp.a(alt_dcache_flush_all.o)
 .debug_frame   0x0000000000000110       0x20 ../audioEqualizer_bsp//libhal_bsp.a(alt_icache_flush_all.o)
 .debug_frame   0x0000000000000130       0x20 ../audioEqualizer_bsp//libhal_bsp.a(altera_nios2_gen2_irq.o)

.debug_str      0x0000000000000000      0x5c9
 *(.debug_str)
 .debug_str     0x0000000000000000      0x16c obj/default/hello_world_small.o
                                        0x1bd (size before relaxing)
 .debug_str     0x000000000000016c      0x149 /home/bavanmendon/intelFPGA_lite/18.1/nios2eds/bin/gnu/H-x86_64-pc-linux-gnu/bin/../lib/gcc/nios2-elf/5.3.0/mno-hw-mul/libgcc.a(lib2-mul.o)
                                        0x194 (size before relaxing)
 .debug_str     0x00000000000002b5      0x17c ../audioEqualizer_bsp//libhal_bsp.a(alt_load.o)
                                        0x24e (size before relaxing)
 .debug_str     0x0000000000000431       0x8f ../audioEqualizer_bsp//libhal_bsp.a(alt_main.o)
                                        0x1c7 (size before relaxing)
 .debug_str     0x00000000000004c0       0xab ../audioEqualizer_bsp//libhal_bsp.a(alt_sys_init.o)
                                        0x231 (size before relaxing)
 .debug_str     0x000000000000056b       0x1f ../audioEqualizer_bsp//libhal_bsp.a(alt_dcache_flush_all.o)
                                        0x167 (size before relaxing)
 .debug_str     0x000000000000058a       0x1f ../audioEqualizer_bsp//libhal_bsp.a(alt_icache_flush_all.o)
                                        0x167 (size before relaxing)
 .debug_str     0x00000000000005a9       0x20 ../audioEqualizer_bsp//libhal_bsp.a(altera_nios2_gen2_irq.o)
                                        0x16e (size before relaxing)

.debug_loc      0x0000000000000000      0x1f0
 *(.debug_loc)
 .debug_loc     0x0000000000000000      0x13c obj/default/hello_world_small.o
 .debug_loc     0x000000000000013c       0x93 /home/bavanmendon/intelFPGA_lite/18.1/nios2eds/bin/gnu/H-x86_64-pc-linux-gnu/bin/../lib/gcc/nios2-elf/5.3.0/mno-hw-mul/libgcc.a(lib2-mul.o)
 .debug_loc     0x00000000000001cf       0x21 ../audioEqualizer_bsp//libhal_bsp.a(alt_sys_init.o)

.debug_macinfo
 *(.debug_macinfo)

.debug_weaknames
 *(.debug_weaknames)

.debug_funcnames
 *(.debug_funcnames)

.debug_typenames
 *(.debug_typenames)

.debug_varnames
 *(.debug_varnames)

.debug_alt_sim_info
                0x0000000000000000       0x10
 *(.debug_alt_sim_info)
 .debug_alt_sim_info
                0x0000000000000000       0x10 ../audioEqualizer_bsp//obj/HAL/src/crt0.o
                0x000000000001a000                __alt_data_end = 0x1a000
                0x000000000001a000                PROVIDE (__alt_stack_pointer, __alt_data_end)
                [!provide]                        PROVIDE (__alt_stack_limit, __alt_stack_base)
                [!provide]                        PROVIDE (__alt_heap_start, end)
                [!provide]                        PROVIDE (__alt_heap_limit, 0x1a000)
OUTPUT(audioEqualizer.elf elf32-littlenios2)

.debug_ranges   0x0000000000000000       0x70
 .debug_ranges  0x0000000000000000       0x20 ../audioEqualizer_bsp//obj/HAL/src/crt0.o
 .debug_ranges  0x0000000000000020       0x38 obj/default/hello_world_small.o
 .debug_ranges  0x0000000000000058       0x18 ../audioEqualizer_bsp//libhal_bsp.a(alt_load.o)
